<html>
<body>
<pre>
<h1>µVision Build Log</h1>
<h2>Project:</h2>
C:\Users\student\Desktop\esl\lab6\up\sample.uvproj
Project File Date:  03/29/2023

<h2>Output:</h2>
</pre>
</body>
</html>
ompiling led.c...
led.c(21): warning:  #1-D: last line of file ends without a newline
  }
led.c: 1 warning, 0 errors
linking...
Program Size: Code=1272 RO-data=312 RW-data=16 ZI-data=608  
FromELF: creating hex file...
".\sample.axf" - 0 Error(s), 1 Warning(s).
</pre>
</body>
</html>
25): warning:  #1-D: last line of file ends without a newline
  }
led.c: 1 warning, 0 errors
"led.c" - 0 Error(s), 1 Warning(s).
