<html>
<body>
<pre>
<h1>µVision Build Log</h1>
<h2>Project:</h2>
C:\Users\student\Desktop\esl\lab6\ring\sample.uvproj
Project File Date:  03/29/2023

<h2>Output:</h2>
Build target 'Target 1'
linking...
Program Size: Code=1268 RO-data=316 RW-data=20 ZI-data=612  
FromELF: creating hex file...
".\sample.axf" - 0 Error(s), 0 Warning(s).
</pre>
</body>
</html>
21): warning:  #1-D: last line of file ends without a newline
  }
led.c: 1 warning, 0 errors
"led.c" - 0 Error(s), 1 Warning(s).
g:  #1-D: last line of file ends without a newline
  }
led.c: 1 warning, 0 errors
"led.c" - 0 Error(s), 1 Warning(s).
